docker : time="2025-1
1-23T14:37:27+05:30" 
level=warning msg="C:
\\Project-Ali\\docker
-compose.yml: the 
attribute `version` 
is obsolete, it will 
be ignored, please 
remove it to avoid 
potential confusion"
At line:1 char:1
+ docker compose 
exec backend sh -c 
"npm install 
--no-audit --silent 
&& ...
+ ~~~~~~~~~~~~~~~~~~~
~~~~~~~~~~~~~~~~~~~~~
~~~~~~~~~~~~~~~~~~~~~
~~~~~~~~
    + CategoryInfo   
           : NotSpe  
  cified: (time="2   
 025-11-2...tial     
confusion":Strin    
g) [], RemoteExc    
eption
    + FullyQualified 
   ErrorId : Native  
  CommandError
 

> @caceasy/backend@0.1.0 test
> jest tests/admin.test.ts -- --runInBand --detectOpenHandles

FAIL 
tests/admin.test.ts
  Admin API
    Authentication
      Ô£ô returns 
401 without 
x-admin-key header 
(66 ms)
      Ô£ô returns 
401 with invalid 
x-admin-key (6 ms)
      Ô£ô allows 
request with valid 
x-admin-key (31 ms)
    Rate Limiting
      Ô£ô blocks 
after exceeding rate 
limit (171 ms)
    GET 
/admin/flagged
      Ô£ò returns 
flagged events with 
default pagination 
(8 ms)
      Ô£ò filters by 
status=open (5 ms)
      Ô£ò supports 
pagination (5 ms)
    POST /admin/flagg
ed/:id/resolve
      Ô£ò resolves a 
flagged event and 
creates audit log 
(26 ms)
      Ô£ò returns 
404 for non-existent 
flagged event (5 ms)
    GET 
/admin/payouts
      Ô£ò returns 
all payouts (4 ms)
      Ô£ò filters by 
status=pending (3 ms)
    POST /admin/payou
ts/:id/approve
      Ô£ò approves a 
payout and creates 
audit log (4 ms)
    POST /admin/payou
ts/:id/reject
      Ô£ò rejects a 
payout and creates 
audit log (3 ms)
    GET 
/admin/analytics
      Ô£ò returns 
all required KPIs (3 
ms)
    GET 
/admin/batches
      Ô£ò returns 
batches with counts 
(4 ms)
    POST /admin/batch
      Ô£ò creates a 
new batch and logs 
audit (3 ms)
      Ô£ò returns 
400 for missing 
required fields (3 
ms)
    GET /admin/audit
      Ô£ò returns 
recent audit logs (3 
ms)
      Ô£ò supports 
limit parameter (3 
ms)

  ÔùÅ Admin API ÔÇ║ 
GET /admin/flagged 
ÔÇ║ returns flagged 
events with default 
pagination

    expect(received).
toBe(expected) // 
Object.is equality

    Expected: 200
    Received: 429

      82 |           
      
.set('x-admin-key', 
ADMIN_API_KEY);
      83 |
    > 84 |           
  expect(res.status).
toBe(200);
         |           
                     
^
      85 |           
  expect(res.body).to
HaveProperty('flagged
');
      86 |           
  expect(res.body).to
HaveProperty('total')
;
      87 |           
  expect(res.body).to
HaveProperty('page');

      at 
Object.<anonymous> (t
ests/admin.test.ts:84
:32)

  ÔùÅ Admin API ÔÇ║ 
GET /admin/flagged 
ÔÇ║ filters by 
status=open

    expect(received).
toBe(expected) // 
Object.is equality

    Expected: 200
    Received: 429

       95 |          
       
.set('x-admin-key', 
ADMIN_API_KEY);
       96 |
    >  97 |          
   expect(res.status)
.toBe(200);
          |          
                     
 ^
       98 |          
   res.body.flagged.f
orEach((event: any) 
=> {
       99 |          
       expect(event.s
tatus).toBe('open');
      100 |          
   });

      at 
Object.<anonymous> (t
ests/admin.test.ts:97
:32)

  ÔùÅ Admin API ÔÇ║ 
GET /admin/flagged 
ÔÇ║ supports 
pagination

    expect(received).
toBe(expected) // 
Object.is equality

    Expected: 200
    Received: 429

      106 |          
       
.set('x-admin-key', 
ADMIN_API_KEY);
      107 |
    > 108 |          
   expect(res.status)
.toBe(200);
          |          
                     
 ^
      109 |          
   expect(res.body.pa
ge).toBe(1);
      110 |          
   expect(res.body.li
mit).toBe(5);
      111 |         
});

      at 
Object.<anonymous> (t
ests/admin.test.ts:10
8:32)

  ÔùÅ Admin API ÔÇ║ 
POST /admin/flagged/:
id/resolve ÔÇ║ 
resolves a flagged 
event and creates 
audit log

    expect(received).
toBe(expected) // 
Object.is equality

    Expected: 200
    Received: 429

      148 |          
       });
      149 |
    > 150 |          
   expect(res.status)
.toBe(200);
          |          
                     
 ^
      151 |          
   expect(res.body.me
ssage).toContain('res
olved');
      152 |          
   expect(res.body.ev
ent.status).toBe('res
olved');
      153 |

      at 
Object.<anonymous> (t
ests/admin.test.ts:15
0:32)

  ÔùÅ Admin API ÔÇ║ 
POST /admin/flagged/:
id/resolve ÔÇ║ 
returns 404 for 
non-existent flagged 
event

    expect(received).
toBe(expected) // 
Object.is equality

    Expected: 404
    Received: 429

      169 |          
       });
      170 |
    > 171 |          
   expect(res.status)
.toBe(404);
          |          
                     
 ^
      172 |         
});
      173 |     });
      174 |

      at 
Object.<anonymous> (t
ests/admin.test.ts:17
1:32)

  ÔùÅ Admin API ÔÇ║ 
GET /admin/payouts 
ÔÇ║ returns all 
payouts

    expect(received).
toBe(expected) // 
Object.is equality

    Expected: 200
    Received: 429

      194 |          
       
.set('x-admin-key', 
ADMIN_API_KEY);
      195 |
    > 196 |          
   expect(res.status)
.toBe(200);
          |          
                     
 ^
      197 |          
   expect(res.body).t
oHaveProperty('payout
s');
      198 |          
   expect(Array.isArr
ay(res.body.payouts))
.toBe(true);
      199 |         
});

      at 
Object.<anonymous> (t
ests/admin.test.ts:19
6:32)

  ÔùÅ Admin API ÔÇ║ 
GET /admin/payouts 
ÔÇ║ filters by 
status=pending

    expect(received).
toBe(expected) // 
Object.is equality

    Expected: 200
    Received: 429

      204 |          
       
.set('x-admin-key', 
ADMIN_API_KEY);
      205 |
    > 206 |          
   expect(res.status)
.toBe(200);
          |          
                     
 ^
      207 |          
   res.body.payouts.f
orEach((payout: any) 
=> {
      208 |          
       expect(payout.
status).toBe('pending
');
      209 |          
   });

      at 
Object.<anonymous> (t
ests/admin.test.ts:20
6:32)

  ÔùÅ Admin API ÔÇ║ 
POST /admin/payouts/:
id/approve ÔÇ║ 
approves a payout 
and creates audit log

    expect(received).
toBe(expected) // 
Object.is equality

    Expected: 200
    Received: 429

      237 |          
       .send({ 
reference: 
'TXN12345' });
      238 |
    > 239 |          
   expect(res.status)
.toBe(200);
          |          
                     
 ^
      240 |          
   expect(res.body.pa
yout.status).toBe('ap
proved');
      241 |          
   expect(res.body.pa
yout.reference).toBe(
'TXN12345');
      242 |

      at 
Object.<anonymous> (t
ests/admin.test.ts:23
9:32)

  ÔùÅ Admin API ÔÇ║ 
POST /admin/payouts/:
id/reject ÔÇ║ 
rejects a payout and 
creates audit log

    expect(received).
toBe(expected) // 
Object.is equality

    Expected: 200
    Received: 429

      275 |          
       .send({ 
notes: 'Insufficient 
account 
verification' });
      276 |
    > 277 |          
   expect(res.status)
.toBe(200);
          |          
                     
 ^
      278 |          
   expect(res.body.pa
yout.status).toBe('re
jected');
      279 |
      280 |          
   // Verify audit 
log

      at 
Object.<anonymous> (t
ests/admin.test.ts:27
7:32)

  ÔùÅ Admin API ÔÇ║ 
GET /admin/analytics 
ÔÇ║ returns all 
required KPIs

    expect(received).
toBe(expected) // 
Object.is equality

    Expected: 200
    Received: 429

      292 |          
       
.set('x-admin-key', 
ADMIN_API_KEY);
      293 |
    > 294 |          
   expect(res.status)
.toBe(200);
          |          
                     
 ^
      295 |          
   expect(res.body).t
oHaveProperty('scans_
per_day');
      296 |          
   expect(res.body).t
oHaveProperty('active
_masons');
      297 |          
   expect(res.body).t
oHaveProperty('redemp
tion_rate');

      at 
Object.<anonymous> (t
ests/admin.test.ts:29
4:32)

  ÔùÅ Admin API ÔÇ║ 
GET /admin/batches 
ÔÇ║ returns batches 
with counts

    expect(received).
toBe(expected) // 
Object.is equality

    Expected: 200
    Received: 429

      313 |          
       
.set('x-admin-key', 
ADMIN_API_KEY);
      314 |
    > 315 |          
   expect(res.status)
.toBe(200);
          |          
                     
 ^
      316 |          
   expect(res.body).t
oHaveProperty('batche
s');
      317 |          
   expect(Array.isArr
ay(res.body.batches))
.toBe(true);
      318 |

      at 
Object.<anonymous> (t
ests/admin.test.ts:31
5:32)

  ÔùÅ Admin API ÔÇ║ 
POST /admin/batch 
ÔÇ║ creates a new 
batch and logs audit

    expect(received).
toBe(expected) // 
Object.is equality

    Expected: 201
    Received: 429

      341 |          
       });
      342 |
    > 343 |          
   expect(res.status)
.toBe(201);
          |          
                     
 ^
      344 |          
   expect(res.body.ba
tch).toHaveProperty('
id');
      345 |          
   expect(res.body.ba
tch.name).toBe('Test 
Admin Batch');
      346 |

      at 
Object.<anonymous> (t
ests/admin.test.ts:34
3:32)

  ÔùÅ Admin API ÔÇ║ 
POST /admin/batch 
ÔÇ║ returns 400 for 
missing required 
fields

    expect(received).
toBe(expected) // 
Object.is equality

    Expected: 400
    Received: 429

      358 |          
       .send({ name: 
'Incomplete Batch' 
});
      359 |
    > 360 |          
   expect(res.status)
.toBe(400);
          |          
                     
 ^
      361 |         
});
      362 |     });
      363 |

      at 
Object.<anonymous> (t
ests/admin.test.ts:36
0:32)

  ÔùÅ Admin API ÔÇ║ 
GET /admin/audit ÔÇ║ 
returns recent audit 
logs

    expect(received).
toBe(expected) // 
Object.is equality

    Expected: 200
    Received: 429

      368 |          
       
.set('x-admin-key', 
ADMIN_API_KEY);
      369 |
    > 370 |          
   expect(res.status)
.toBe(200);
          |          
                     
 ^
      371 |          
   expect(res.body).t
oHaveProperty('audit_
logs');
      372 |          
   expect(Array.isArr
ay(res.body.audit_log
s)).toBe(true);
      373 |

      at 
Object.<anonymous> (t
ests/admin.test.ts:37
0:32)

  ÔùÅ Admin API ÔÇ║ 
GET /admin/audit ÔÇ║ 
supports limit 
parameter

    expect(received).
toBe(expected) // 
Object.is equality

    Expected: 200
    Received: 429

      385 |          
       
.set('x-admin-key', 
ADMIN_API_KEY);
      386 |
    > 387 |          
   expect(res.status)
.toBe(200);
          |          
                     
 ^
      388 |          
   expect(res.body.au
dit_logs.length).toBe
LessThanOrEqual(5);
      389 |         
});
      390 |     });

      at 
Object.<anonymous> (t
ests/admin.test.ts:38
7:32)

Test Suites: 1 
failed, 1 total
Tests:       15 
failed, 4 passed, 19 
total
Snapshots:   0 total
Time:        5.094 
s, estimated 9 s
Ran all test suites 
matching /tests\/admi
n.test.ts|--runInBand
|--detectOpenHandles/
i.
Force exiting Jest: 
Have you considered 
using `--detectOpenHa
ndles` to detect 
async operations 
that kept running 
after all tests 
finished?
